exports[`test About renders as expected 1`] = `
<div>
  About this App
</div>
`;
