exports[`test Home renders as expected 1`] = `
<div>
  <header>
    Hello, World
  </header>
  <section>
    <button
      onClick={[Function]}>
      Make an API request
    </button>
  </section>
</div>
`;
